============================= test session starts =============================
platform win32 -- Python 3.12.10, pytest-8.4.1, pluggy-1.6.0
rootdir: C:\Users\osval\OneDrive - ONG Tren Ciudadano\digital skills\Teogen\backend
plugins: anyio-4.11.0, asyncio-1.3.0
asyncio: mode=Mode.STRICT, debug=False, asyncio_default_fixture_loop_scope=None, asyncio_default_test_loop_scope=function
collected 0 items / 1 error

=================================== ERRORS ====================================
__________________ ERROR collecting tests/test_theory_api.py __________________
tests\test_theory_api.py:3: in <module>
    from app.main import app
app\main.py:3: in <module>
    from app.api import projects, theory, interviews, codes, memos, search
app\api\projects.py:5: in <module>
    from ..database import get_db
app\database.py:8: in <module>
    raise RuntimeError(
E   RuntimeError: AZURE_PG_HOST is not set. TheoGen requires PostgreSQL ù SQLite is not supported. Set AZURE_PG_HOST, AZURE_PG_USER, AZURE_PG_PASSWORD in your .env file.
=========================== short test summary info ===========================
ERROR tests/test_theory_api.py - RuntimeError: AZURE_PG_HOST is not set. Theo...
!!!!!!!!!!!!!!!!!!! Interrupted: 1 error during collection !!!!!!!!!!!!!!!!!!!!
============================== 1 error in 2.70s ===============================
